// Jest Snapshot v1, https://goo.gl/fbAQLP

exports[`Upload List handle error 1`] = `
<span><div class="ant-upload ant-upload-select ant-upload-select-text"><span role="button" tabindex="0" class="ant-upload"><input type="file" accept="" style="display: none;"><button>upload</button></span></div><span tag="div" class="ant-upload-list ant-upload-list-text"><div class=""><span><div class="ant-upload-list-item ant-upload-list-item-uploading ant-upload-list-item-list-type-text"><div class="ant-upload-list-item-info"><span><span role="img" aria-label="upload" class="anticon anticon-upload"><svg viewBox="64 64 896 896" focusable="false" data-icon="upload" width="1em" height="1em" fill="currentColor" aria-hidden="true" class=""><path d="M400 317.7h73.9V656c0 4.4 3.6 8 8 8h60c4.4 0 8-3.6 8-8V317.7H624c6.7 0 10.4-7.7 6.3-12.9L518.3 163a8 8 0 00-12.6 0l-112 141.7c-4.1 5.3-.4 13 6.3 13zM878 626h-60c-4.4 0-8 3.6-8 8v154H214V634c0-4.4-3.6-8-8-8h-60c-4.4 0-8 3.6-8 8v198c0 17.7 14.3 32 32 32h684c17.7 0 32-14.3 32-32V634c0-4.4-3.6-8-8-8z"></path></svg></span><span title="foo.png" class="ant-upload-list-item-name">foo.png</span><span class="ant-upload-list-item-card-actions "><a title="Remove file"><span role="img" aria-label="delete" tabindex="-1" title="Remove file" class="anticon anticon-delete"><svg viewBox="64 64 896 896" focusable="false" data-icon="delete" width="1em" height="1em" fill="currentColor" aria-hidden="true" class=""><path d="M360 184h-8c4.4 0 8-3.6 8-8v8h304v-8c0 4.4 3.6 8 8 8h-8v72h72v-80c0-35.3-28.7-64-64-64H352c-35.3 0-64 28.7-64 64v80h72v-72zm504 72H160c-17.7 0-32 14.3-32 32v32c0 4.4 3.6 8 8 8h60.4l24.7 523c1.6 34.1 29.8 61 63.9 61h454c34.2 0 62.3-26.8 63.9-61l24.7-523H888c4.4 0 8-3.6 8-8v-32c0-17.7-14.3-32-32-32zM731.3 840H292.7l-24.2-512h487l-24.2 512z"></path></svg></span></a></span></span></div>
<div class="ant-upload-list-item-progress">
  <div class="ant-progress ant-progress-line ant-progress-status-normal ant-progress-default">
    <div>
      <div class="ant-progress-outer">
        <div class="ant-progress-inner">
          <div class="ant-progress-bg" style="width: 0%; height: 2px; border-radius: 100px;"></div>
        </div>
      </div>
    </div>
  </div>
</div>
</div>
</span></div></span></span>
`;

exports[`Upload List handle error 2`] = `
<span><div class="ant-upload ant-upload-select ant-upload-select-text"><span role="button" tabindex="0" class="ant-upload"><input type="file" accept="" style="display: none;"><button>upload</button></span></div><span tag="div" class="ant-upload-list ant-upload-list-text"><div class=""><span><div class="ant-upload-list-item ant-upload-list-item-uploading ant-upload-list-item-list-type-text"><div class="ant-upload-list-item-info"><span><span role="img" aria-label="upload" class="anticon anticon-upload"><svg viewBox="64 64 896 896" focusable="false" data-icon="upload" width="1em" height="1em" fill="currentColor" aria-hidden="true" class=""><path d="M400 317.7h73.9V656c0 4.4 3.6 8 8 8h60c4.4 0 8-3.6 8-8V317.7H624c6.7 0 10.4-7.7 6.3-12.9L518.3 163a8 8 0 00-12.6 0l-112 141.7c-4.1 5.3-.4 13 6.3 13zM878 626h-60c-4.4 0-8 3.6-8 8v154H214V634c0-4.4-3.6-8-8-8h-60c-4.4 0-8 3.6-8 8v198c0 17.7 14.3 32 32 32h684c17.7 0 32-14.3 32-32V634c0-4.4-3.6-8-8-8z"></path></svg></span><span title="foo.png" class="ant-upload-list-item-name">foo.png</span><span class="ant-upload-list-item-card-actions "><a title="Remove file"><span role="img" aria-label="delete" tabindex="-1" title="Remove file" class="anticon anticon-delete"><svg viewBox="64 64 896 896" focusable="false" data-icon="delete" width="1em" height="1em" fill="currentColor" aria-hidden="true" class=""><path d="M360 184h-8c4.4 0 8-3.6 8-8v8h304v-8c0 4.4 3.6 8 8 8h-8v72h72v-80c0-35.3-28.7-64-64-64H352c-35.3 0-64 28.7-64 64v80h72v-72zm504 72H160c-17.7 0-32 14.3-32 32v32c0 4.4 3.6 8 8 8h60.4l24.7 523c1.6 34.1 29.8 61 63.9 61h454c34.2 0 62.3-26.8 63.9-61l24.7-523H888c4.4 0 8-3.6 8-8v-32c0-17.7-14.3-32-32-32zM731.3 840H292.7l-24.2-512h487l-24.2 512z"></path></svg></span></a></span></span></div>
<div class="ant-upload-list-item-progress">
  <div class="ant-progress ant-progress-line ant-progress-status-normal ant-progress-default">
    <div>
      <div class="ant-progress-outer">
        <div class="ant-progress-inner">
          <div class="ant-progress-bg" style="width: 0%; height: 2px; border-radius: 100px;"></div>
        </div>
      </div>
    </div>
  </div>
</div>
</div>
</span></div></span></span>
`;

exports[`Upload List should be uploading when upload a file 1`] = `<span><div class="ant-upload ant-upload-select ant-upload-select-text"><span role="button" tabindex="0" class="ant-upload"><input type="file" accept="" style="display: none;"><button>upload</button></span></div><span tag="div" class="ant-upload-list ant-upload-list-text"></span></span>`;

exports[`Upload List should non-image format file preview 1`] = `
<span><div class="ant-upload ant-upload-select ant-upload-select-picture"><!----></div><span tag="div" class="ant-upload-list ant-upload-list-picture"><div class=""><span><div class="ant-upload-list-item ant-upload-list-item-done ant-upload-list-item-list-type-picture"><div class="ant-upload-list-item-info"><span><a href="https://cdn.xxx.com/aaa.zip" target="_blank" rel="noopener noreferrer" class="ant-upload-list-item-thumbnail"><span role="img" aria-label="file" class="anticon anticon-file ant-upload-list-item-icon"><svg viewBox="64 64 896 896" focusable="false" data-icon="file" width="1em" height="1em" fill="currentColor" aria-hidden="true" class=""><path d="M854.6 288.6L639.4 73.4c-6-6-14.1-9.4-22.6-9.4H192c-17.7 0-32 14.3-32 32v832c0 17.7 14.3 32 32 32h640c17.7 0 32-14.3 32-32V311.3c0-8.5-3.4-16.7-9.4-22.7zM790.2 326H602V137.8L790.2 326zm1.8 562H232V136h302v216a42 42 0 0042 42h216v494z"></path></svg></span></a><a target="_blank" rel="noopener noreferrer" title="not-image" href="https://cdn.xxx.com/aaa.zip" class="ant-upload-list-item-name ant-upload-list-item-name-icon-count-1">not-image</a><span class="ant-upload-list-item-card-actions picture"><a title="Remove file"><span role="img" aria-label="delete" tabindex="-1" title="Remove file" class="anticon anticon-delete"><svg viewBox="64 64 896 896" focusable="false" data-icon="delete" width="1em" height="1em" fill="currentColor" aria-hidden="true" class=""><path d="M360 184h-8c4.4 0 8-3.6 8-8v8h304v-8c0 4.4 3.6 8 8 8h-8v72h72v-80c0-35.3-28.7-64-64-64H352c-35.3 0-64 28.7-64 64v80h72v-72zm504 72H160c-17.7 0-32 14.3-32 32v32c0 4.4 3.6 8 8 8h60.4l24.7 523c1.6 34.1 29.8 61 63.9 61h454c34.2 0 62.3-26.8 63.9-61l24.7-523H888c4.4 0 8-3.6 8-8v-32c0-17.7-14.3-32-32-32zM731.3 840H292.7l-24.2-512h487l-24.2 512z"></path></svg></span></a></span></span></div>
<!---->
</div></span></div>
<div class=""><span><div class="ant-upload-list-item ant-upload-list-item-done ant-upload-list-item-list-type-picture"><div class="ant-upload-list-item-info"><span><a href="https://cdn.xxx.com/aaa" target="_blank" rel="noopener noreferrer" class="ant-upload-list-item-thumbnail"><img src="https://cdn.xxx.com/aaa" alt="image" class="ant-upload-list-item-image"></a><a target="_blank" rel="noopener noreferrer" title="image" href="https://cdn.xxx.com/aaa" class="ant-upload-list-item-name ant-upload-list-item-name-icon-count-1">image</a><span class="ant-upload-list-item-card-actions picture"><a title="Remove file"><span role="img" aria-label="delete" tabindex="-1" title="Remove file" class="anticon anticon-delete"><svg viewBox="64 64 896 896" focusable="false" data-icon="delete" width="1em" height="1em" fill="currentColor" aria-hidden="true" class=""><path d="M360 184h-8c4.4 0 8-3.6 8-8v8h304v-8c0 4.4 3.6 8 8 8h-8v72h72v-80c0-35.3-28.7-64-64-64H352c-35.3 0-64 28.7-64 64v80h72v-72zm504 72H160c-17.7 0-32 14.3-32 32v32c0 4.4 3.6 8 8 8h60.4l24.7 523c1.6 34.1 29.8 61 63.9 61h454c34.2 0 62.3-26.8 63.9-61l24.7-523H888c4.4 0 8-3.6 8-8v-32c0-17.7-14.3-32-32-32zM731.3 840H292.7l-24.2-512h487l-24.2 512z"></path></svg></span></a></span></span></div>
<!---->
</div></span></div>
<div class=""><span><div class="ant-upload-list-item ant-upload-list-item-done ant-upload-list-item-list-type-picture"><div class="ant-upload-list-item-info"><span><a href="https://cdn.xxx.com/aaa.xx" target="_blank" rel="noopener noreferrer" class="ant-upload-list-item-thumbnail"><span role="img" aria-label="file" class="anticon anticon-file ant-upload-list-item-icon"><svg viewBox="64 64 896 896" focusable="false" data-icon="file" width="1em" height="1em" fill="currentColor" aria-hidden="true" class=""><path d="M854.6 288.6L639.4 73.4c-6-6-14.1-9.4-22.6-9.4H192c-17.7 0-32 14.3-32 32v832c0 17.7 14.3 32 32 32h640c17.7 0 32-14.3 32-32V311.3c0-8.5-3.4-16.7-9.4-22.7zM790.2 326H602V137.8L790.2 326zm1.8 562H232V136h302v216a42 42 0 0042 42h216v494z"></path></svg></span></a><a target="_blank" rel="noopener noreferrer" title="not-image" href="https://cdn.xxx.com/aaa.xx" class="ant-upload-list-item-name ant-upload-list-item-name-icon-count-1">not-image</a><span class="ant-upload-list-item-card-actions picture"><a title="Remove file"><span role="img" aria-label="delete" tabindex="-1" title="Remove file" class="anticon anticon-delete"><svg viewBox="64 64 896 896" focusable="false" data-icon="delete" width="1em" height="1em" fill="currentColor" aria-hidden="true" class=""><path d="M360 184h-8c4.4 0 8-3.6 8-8v8h304v-8c0 4.4 3.6 8 8 8h-8v72h72v-80c0-35.3-28.7-64-64-64H352c-35.3 0-64 28.7-64 64v80h72v-72zm504 72H160c-17.7 0-32 14.3-32 32v32c0 4.4 3.6 8 8 8h60.4l24.7 523c1.6 34.1 29.8 61 63.9 61h454c34.2 0 62.3-26.8 63.9-61l24.7-523H888c4.4 0 8-3.6 8-8v-32c0-17.7-14.3-32-32-32zM731.3 840H292.7l-24.2-512h487l-24.2 512z"></path></svg></span></a></span></span></div>
<!---->
</div></span></div>
<div class=""><span><div class="ant-upload-list-item ant-upload-list-item-done ant-upload-list-item-list-type-picture"><div class="ant-upload-list-item-info"><span><a href="https://cdn.xxx.com/aaa.png/xx.xx" target="_blank" rel="noopener noreferrer" class="ant-upload-list-item-thumbnail"><span role="img" aria-label="file" class="anticon anticon-file ant-upload-list-item-icon"><svg viewBox="64 64 896 896" focusable="false" data-icon="file" width="1em" height="1em" fill="currentColor" aria-hidden="true" class=""><path d="M854.6 288.6L639.4 73.4c-6-6-14.1-9.4-22.6-9.4H192c-17.7 0-32 14.3-32 32v832c0 17.7 14.3 32 32 32h640c17.7 0 32-14.3 32-32V311.3c0-8.5-3.4-16.7-9.4-22.7zM790.2 326H602V137.8L790.2 326zm1.8 562H232V136h302v216a42 42 0 0042 42h216v494z"></path></svg></span></a><a target="_blank" rel="noopener noreferrer" title="not-image" href="https://cdn.xxx.com/aaa.png/xx.xx" class="ant-upload-list-item-name ant-upload-list-item-name-icon-count-1">not-image</a><span class="ant-upload-list-item-card-actions picture"><a title="Remove file"><span role="img" aria-label="delete" tabindex="-1" title="Remove file" class="anticon anticon-delete"><svg viewBox="64 64 896 896" focusable="false" data-icon="delete" width="1em" height="1em" fill="currentColor" aria-hidden="true" class=""><path d="M360 184h-8c4.4 0 8-3.6 8-8v8h304v-8c0 4.4 3.6 8 8 8h-8v72h72v-80c0-35.3-28.7-64-64-64H352c-35.3 0-64 28.7-64 64v80h72v-72zm504 72H160c-17.7 0-32 14.3-32 32v32c0 4.4 3.6 8 8 8h60.4l24.7 523c1.6 34.1 29.8 61 63.9 61h454c34.2 0 62.3-26.8 63.9-61l24.7-523H888c4.4 0 8-3.6 8-8v-32c0-17.7-14.3-32-32-32zM731.3 840H292.7l-24.2-512h487l-24.2 512z"></path></svg></span></a></span></span></div>
<!---->
</div></span></div>
<div class=""><span><div class="ant-upload-list-item ant-upload-list-item-done ant-upload-list-item-list-type-picture"><div class="ant-upload-list-item-info"><span><a href="https://cdn.xxx.com/xx.xx/aaa.png" target="_blank" rel="noopener noreferrer" class="ant-upload-list-item-thumbnail"><img src="https://cdn.xxx.com/xx.xx/aaa.png" alt="image" class="ant-upload-list-item-image"></a><a target="_blank" rel="noopener noreferrer" title="image" href="https://cdn.xxx.com/xx.xx/aaa.png" class="ant-upload-list-item-name ant-upload-list-item-name-icon-count-1">image</a><span class="ant-upload-list-item-card-actions picture"><a title="Remove file"><span role="img" aria-label="delete" tabindex="-1" title="Remove file" class="anticon anticon-delete"><svg viewBox="64 64 896 896" focusable="false" data-icon="delete" width="1em" height="1em" fill="currentColor" aria-hidden="true" class=""><path d="M360 184h-8c4.4 0 8-3.6 8-8v8h304v-8c0 4.4 3.6 8 8 8h-8v72h72v-80c0-35.3-28.7-64-64-64H352c-35.3 0-64 28.7-64 64v80h72v-72zm504 72H160c-17.7 0-32 14.3-32 32v32c0 4.4 3.6 8 8 8h60.4l24.7 523c1.6 34.1 29.8 61 63.9 61h454c34.2 0 62.3-26.8 63.9-61l24.7-523H888c4.4 0 8-3.6 8-8v-32c0-17.7-14.3-32-32-32zM731.3 840H292.7l-24.2-512h487l-24.2 512z"></path></svg></span></a></span></span></div>
<!---->
</div></span></div>
<div class=""><span><div class="ant-upload-list-item ant-upload-list-item-done ant-upload-list-item-list-type-picture"><div class="ant-upload-list-item-info"><span><a href="https://cdn.xxx.com/xx.xx/aaa.png" target="_blank" rel="noopener noreferrer" class="ant-upload-list-item-thumbnail"><img src="data:image/png;base64,UEsDBAoAAAAAADYZYkwAAAAAAAAAAAAAAAAdAAk" alt="image" class="ant-upload-list-item-image"></a><a target="_blank" rel="noopener noreferrer" title="image" href="https://cdn.xxx.com/xx.xx/aaa.png" class="ant-upload-list-item-name ant-upload-list-item-name-icon-count-1">image</a><span class="ant-upload-list-item-card-actions picture"><a title="Remove file"><span role="img" aria-label="delete" tabindex="-1" title="Remove file" class="anticon anticon-delete"><svg viewBox="64 64 896 896" focusable="false" data-icon="delete" width="1em" height="1em" fill="currentColor" aria-hidden="true" class=""><path d="M360 184h-8c4.4 0 8-3.6 8-8v8h304v-8c0 4.4 3.6 8 8 8h-8v72h72v-80c0-35.3-28.7-64-64-64H352c-35.3 0-64 28.7-64 64v80h72v-72zm504 72H160c-17.7 0-32 14.3-32 32v32c0 4.4 3.6 8 8 8h60.4l24.7 523c1.6 34.1 29.8 61 63.9 61h454c34.2 0 62.3-26.8 63.9-61l24.7-523H888c4.4 0 8-3.6 8-8v-32c0-17.7-14.3-32-32-32zM731.3 840H292.7l-24.2-512h487l-24.2 512z"></path></svg></span></a></span></span></div>
<!---->
</div></span></div>
<div class=""><span><div class="ant-upload-list-item ant-upload-list-item-done ant-upload-list-item-list-type-picture"><div class="ant-upload-list-item-info"><span><a href="https://cdn.xxx.com/xx.xx/aaa.png?query=123" target="_blank" rel="noopener noreferrer" class="ant-upload-list-item-thumbnail"><img src="https://cdn.xxx.com/xx.xx/aaa.png?query=123" alt="image" class="ant-upload-list-item-image"></a><a target="_blank" rel="noopener noreferrer" title="image" href="https://cdn.xxx.com/xx.xx/aaa.png?query=123" class="ant-upload-list-item-name ant-upload-list-item-name-icon-count-1">image</a><span class="ant-upload-list-item-card-actions picture"><a title="Remove file"><span role="img" aria-label="delete" tabindex="-1" title="Remove file" class="anticon anticon-delete"><svg viewBox="64 64 896 896" focusable="false" data-icon="delete" width="1em" height="1em" fill="currentColor" aria-hidden="true" class=""><path d="M360 184h-8c4.4 0 8-3.6 8-8v8h304v-8c0 4.4 3.6 8 8 8h-8v72h72v-80c0-35.3-28.7-64-64-64H352c-35.3 0-64 28.7-64 64v80h72v-72zm504 72H160c-17.7 0-32 14.3-32 32v32c0 4.4 3.6 8 8 8h60.4l24.7 523c1.6 34.1 29.8 61 63.9 61h454c34.2 0 62.3-26.8 63.9-61l24.7-523H888c4.4 0 8-3.6 8-8v-32c0-17.7-14.3-32-32-32zM731.3 840H292.7l-24.2-512h487l-24.2 512z"></path></svg></span></a></span></span></div>
<!---->
</div></span></div>
<div class=""><span><div class="ant-upload-list-item ant-upload-list-item-done ant-upload-list-item-list-type-picture"><div class="ant-upload-list-item-info"><span><a href="https://cdn.xxx.com/xx.xx/aaa.png#anchor" target="_blank" rel="noopener noreferrer" class="ant-upload-list-item-thumbnail"><img src="https://cdn.xxx.com/xx.xx/aaa.png#anchor" alt="image" class="ant-upload-list-item-image"></a><a target="_blank" rel="noopener noreferrer" title="image" href="https://cdn.xxx.com/xx.xx/aaa.png#anchor" class="ant-upload-list-item-name ant-upload-list-item-name-icon-count-1">image</a><span class="ant-upload-list-item-card-actions picture"><a title="Remove file"><span role="img" aria-label="delete" tabindex="-1" title="Remove file" class="anticon anticon-delete"><svg viewBox="64 64 896 896" focusable="false" data-icon="delete" width="1em" height="1em" fill="currentColor" aria-hidden="true" class=""><path d="M360 184h-8c4.4 0 8-3.6 8-8v8h304v-8c0 4.4 3.6 8 8 8h-8v72h72v-80c0-35.3-28.7-64-64-64H352c-35.3 0-64 28.7-64 64v80h72v-72zm504 72H160c-17.7 0-32 14.3-32 32v32c0 4.4 3.6 8 8 8h60.4l24.7 523c1.6 34.1 29.8 61 63.9 61h454c34.2 0 62.3-26.8 63.9-61l24.7-523H888c4.4 0 8-3.6 8-8v-32c0-17.7-14.3-32-32-32zM731.3 840H292.7l-24.2-512h487l-24.2 512z"></path></svg></span></a></span></span></div>
<!---->
</div></span></div>
<div class=""><span><div class="ant-upload-list-item ant-upload-list-item-done ant-upload-list-item-list-type-picture"><div class="ant-upload-list-item-info"><span><a href="https://cdn.xxx.com/xx.xx/aaa.png?query=some.query.with.dot" target="_blank" rel="noopener noreferrer" class="ant-upload-list-item-thumbnail"><img src="https://cdn.xxx.com/xx.xx/aaa.png?query=some.query.with.dot" alt="image" class="ant-upload-list-item-image"></a><a target="_blank" rel="noopener noreferrer" title="image" href="https://cdn.xxx.com/xx.xx/aaa.png?query=some.query.with.dot" class="ant-upload-list-item-name ant-upload-list-item-name-icon-count-1">image</a><span class="ant-upload-list-item-card-actions picture"><a title="Remove file"><span role="img" aria-label="delete" tabindex="-1" title="Remove file" class="anticon anticon-delete"><svg viewBox="64 64 896 896" focusable="false" data-icon="delete" width="1em" height="1em" fill="currentColor" aria-hidden="true" class=""><path d="M360 184h-8c4.4 0 8-3.6 8-8v8h304v-8c0 4.4 3.6 8 8 8h-8v72h72v-80c0-35.3-28.7-64-64-64H352c-35.3 0-64 28.7-64 64v80h72v-72zm504 72H160c-17.7 0-32 14.3-32 32v32c0 4.4 3.6 8 8 8h60.4l24.7 523c1.6 34.1 29.8 61 63.9 61h454c34.2 0 62.3-26.8 63.9-61l24.7-523H888c4.4 0 8-3.6 8-8v-32c0-17.7-14.3-32-32-32zM731.3 840H292.7l-24.2-512h487l-24.2 512z"></path></svg></span></a></span></span></div>
<!---->
</div></span></div></span></span>
`;
